Collecting celery==5.4.0
  Using cached celery-5.4.0-py3-none-any.whl.metadata (21 kB)
Collecting django==5.0.7
  Using cached Django-5.0.7-py3-none-any.whl.metadata (4.1 kB)
Collecting django-cors-headers==4.4.0
  Using cached django_cors_headers-4.4.0-py3-none-any.whl.metadata (16 kB)
Collecting dj-database-url==2.2.0
  Using cached dj_database_url-2.2.0-py3-none-any.whl.metadata (12 kB)
Collecting djangorestframework==3.15.2
  Using cached djangorestframework-3.15.2-py3-none-any.whl.metadata (10 kB)
Collecting djangorestframework-simplejwt==5.3.1
  Using cached djangorestframework_simplejwt-5.3.1-py3-none-any.whl.metadata (4.3 kB)
Collecting drf-spectacular==0.27.2
  Using cached drf_spectacular-0.27.2-py3-none-any.whl.metadata (14 kB)
Collecting openpyxl==3.1.5
  Using cached openpyxl-3.1.5-py2.py3-none-any.whl.metadata (2.5 kB)
Collecting pdf2image==1.17.0
  Using cached pdf2image-1.17.0-py3-none-any.whl.metadata (6.2 kB)
Collecting pdfplumber==0.11.3
  Using cached pdfplumber-0.11.3-py3-none-any.whl.metadata (41 kB)
Collecting pytesseract==0.3.13
  Using cached pytesseract-0.3.13-py3-none-any.whl.metadata (11 kB)
Collecting python-docx==1.1.2
  Using cached python_docx-1.1.2-py3-none-any.whl.metadata (2.0 kB)
Collecting python-dotenv==1.0.1
  Using cached python_dotenv-1.0.1-py3-none-any.whl.metadata (23 kB)
Collecting redis==5.0.8
  Using cached redis-5.0.8-py3-none-any.whl.metadata (9.2 kB)
Collecting requests==2.32.3
  Using cached requests-2.32.3-py3-none-any.whl.metadata (4.6 kB)
Collecting billiard<5.0,>=4.2.0 (from celery==5.4.0)
  Using cached billiard-4.2.4-py3-none-any.whl.metadata (4.8 kB)
Collecting kombu<6.0,>=5.3.4 (from celery==5.4.0)
  Using cached kombu-5.6.2-py3-none-any.whl.metadata (3.5 kB)
Collecting vine<6.0,>=5.1.0 (from celery==5.4.0)
  Using cached vine-5.1.0-py3-none-any.whl.metadata (2.7 kB)
Requirement already satisfied: click<9.0,>=8.1.2 in .\.venv\Lib\site-packages (from celery==5.4.0) (8.3.3)
Collecting click-didyoumean>=0.3.0 (from celery==5.4.0)
  Using cached click_didyoumean-0.3.1-py3-none-any.whl.metadata (3.9 kB)
Collecting click-repl>=0.2.0 (from celery==5.4.0)
  Using cached click_repl-0.3.0-py3-none-any.whl.metadata (3.6 kB)
Collecting click-plugins>=1.1.1 (from celery==5.4.0)
  Using cached click_plugins-1.1.1.2-py2.py3-none-any.whl.metadata (6.5 kB)
Requirement already satisfied: tzdata>=2022.7 in .\.venv\Lib\site-packages (from celery==5.4.0) (2026.2)
Collecting python-dateutil>=2.8.2 (from celery==5.4.0)
  Using cached python_dateutil-2.9.0.post0-py2.py3-none-any.whl.metadata (8.4 kB)
Collecting asgiref<4,>=3.7.0 (from django==5.0.7)
  Using cached asgiref-3.11.1-py3-none-any.whl.metadata (9.3 kB)
Collecting sqlparse>=0.3.1 (from django==5.0.7)
  Using cached sqlparse-0.5.5-py3-none-any.whl.metadata (4.7 kB)
Requirement already satisfied: typing-extensions>=3.10.0.0 in .\.venv\Lib\site-packages (from dj-database-url==2.2.0) (4.15.0)
Collecting pyjwt<3,>=1.7.1 (from djangorestframework-simplejwt==5.3.1)
  Using cached pyjwt-2.12.1-py3-none-any.whl.metadata (4.1 kB)
Collecting uritemplate>=2.0.0 (from drf-spectacular==0.27.2)
  Using cached uritemplate-4.2.0-py3-none-any.whl.metadata (2.6 kB)
Requirement already satisfied: PyYAML>=5.1 in .\.venv\Lib\site-packages (from drf-spectacular==0.27.2) (6.0.3)
Collecting jsonschema>=2.6.0 (from drf-spectacular==0.27.2)
  Using cached jsonschema-4.26.0-py3-none-any.whl.metadata (7.6 kB)
Collecting inflection>=0.3.1 (from drf-spectacular==0.27.2)
  Using cached inflection-0.5.1-py2.py3-none-any.whl.metadata (1.7 kB)
Collecting et-xmlfile (from openpyxl==3.1.5)
  Using cached et_xmlfile-2.0.0-py3-none-any.whl.metadata (2.7 kB)
Collecting pillow (from pdf2image==1.17.0)
  Using cached pillow-12.2.0-cp314-cp314-win_amd64.whl.metadata (9.0 kB)
Collecting pdfminer.six==20231228 (from pdfplumber==0.11.3)
  Using cached pdfminer.six-20231228-py3-none-any.whl.metadata (4.2 kB)
Collecting pypdfium2>=4.18.0 (from pdfplumber==0.11.3)
  Using cached pypdfium2-5.7.1-py3-none-win_amd64.whl.metadata (68 kB)
Requirement already satisfied: packaging>=21.3 in .\.venv\Lib\site-packages (from pytesseract==0.3.13) (26.2)
Collecting lxml>=3.1.0 (from python-docx==1.1.2)
  Using cached lxml-6.1.0-cp314-cp314-win_amd64.whl.metadata (4.1 kB)
Requirement already satisfied: charset-normalizer<4,>=2 in .\.venv\Lib\site-packages (from requests==2.32.3) (3.4.7)
Requirement already satisfied: idna<4,>=2.5 in .\.venv\Lib\site-packages (from requests==2.32.3) (3.13)
Requirement already satisfied: urllib3<3,>=1.21.1 in .\.venv\Lib\site-packages (from requests==2.32.3) (2.6.3)
Requirement already satisfied: certifi>=2017.4.17 in .\.venv\Lib\site-packages (from requests==2.32.3) (2026.4.22)
Collecting cryptography>=36.0.0 (from pdfminer.six==20231228->pdfplumber==0.11.3)
  Using cached cryptography-47.0.0-cp311-abi3-win_amd64.whl.metadata (4.5 kB)
Requirement already satisfied: colorama in .\.venv\Lib\site-packages (from click<9.0,>=8.1.2->celery==5.4.0) (0.4.6)
Collecting amqp<6.0.0,>=5.1.1 (from kombu<6.0,>=5.3.4->celery==5.4.0)
  Using cached amqp-5.3.1-py3-none-any.whl.metadata (8.9 kB)
Collecting prompt-toolkit>=3.0.36 (from click-repl>=0.2.0->celery==5.4.0)
  Using cached prompt_toolkit-3.0.52-py3-none-any.whl.metadata (6.4 kB)
Collecting cffi>=2.0.0 (from cryptography>=36.0.0->pdfminer.six==20231228->pdfplumber==0.11.3)
  Using cached cffi-2.0.0-cp314-cp314-win_amd64.whl.metadata (2.6 kB)
Collecting pycparser (from cffi>=2.0.0->cryptography>=36.0.0->pdfminer.six==20231228->pdfplumber==0.11.3)
  Using cached pycparser-3.0-py3-none-any.whl.metadata (8.2 kB)
Collecting attrs>=22.2.0 (from jsonschema>=2.6.0->drf-spectacular==0.27.2)
  Using cached attrs-26.1.0-py3-none-any.whl.metadata (8.8 kB)
Collecting jsonschema-specifications>=2023.03.6 (from jsonschema>=2.6.0->drf-spectacular==0.27.2)
  Using cached jsonschema_specifications-2025.9.1-py3-none-any.whl.metadata (2.9 kB)
Collecting referencing>=0.28.4 (from jsonschema>=2.6.0->drf-spectacular==0.27.2)
  Using cached referencing-0.37.0-py3-none-any.whl.metadata (2.8 kB)
Collecting rpds-py>=0.25.0 (from jsonschema>=2.6.0->drf-spectacular==0.27.2)
  Using cached rpds_py-0.30.0-cp314-cp314-win_amd64.whl.metadata (4.2 kB)
Collecting wcwidth (from prompt-toolkit>=3.0.36->click-repl>=0.2.0->celery==5.4.0)
  Using cached wcwidth-0.6.0-py3-none-any.whl.metadata (30 kB)
Collecting six>=1.5 (from python-dateutil>=2.8.2->celery==5.4.0)
  Using cached six-1.17.0-py2.py3-none-any.whl.metadata (1.7 kB)
Using cached celery-5.4.0-py3-none-any.whl (425 kB)
Using cached Django-5.0.7-py3-none-any.whl (8.2 MB)
Using cached django_cors_headers-4.4.0-py3-none-any.whl (12 kB)
Using cached dj_database_url-2.2.0-py3-none-any.whl (7.8 kB)
Using cached djangorestframework-3.15.2-py3-none-any.whl (1.1 MB)
Using cached djangorestframework_simplejwt-5.3.1-py3-none-any.whl (101 kB)
Using cached drf_spectacular-0.27.2-py3-none-any.whl (102 kB)
Using cached openpyxl-3.1.5-py2.py3-none-any.whl (250 kB)
Using cached pdf2image-1.17.0-py3-none-any.whl (11 kB)
Using cached pdfplumber-0.11.3-py3-none-any.whl (59 kB)
Using cached pytesseract-0.3.13-py3-none-any.whl (14 kB)
Using cached python_docx-1.1.2-py3-none-any.whl (244 kB)
Using cached python_dotenv-1.0.1-py3-none-any.whl (19 kB)
Using cached redis-5.0.8-py3-none-any.whl (255 kB)
Using cached requests-2.32.3-py3-none-any.whl (64 kB)
Using cached pdfminer.six-20231228-py3-none-any.whl (5.6 MB)
Using cached asgiref-3.11.1-py3-none-any.whl (24 kB)
Using cached billiard-4.2.4-py3-none-any.whl (87 kB)
Using cached kombu-5.6.2-py3-none-any.whl (214 kB)
Using cached vine-5.1.0-py3-none-any.whl (9.6 kB)
Using cached amqp-5.3.1-py3-none-any.whl (50 kB)
Using cached pyjwt-2.12.1-py3-none-any.whl (29 kB)
Using cached click_didyoumean-0.3.1-py3-none-any.whl (3.6 kB)
Using cached click_plugins-1.1.1.2-py2.py3-none-any.whl (11 kB)
Using cached click_repl-0.3.0-py3-none-any.whl (10 kB)
Using cached cryptography-47.0.0-cp311-abi3-win_amd64.whl (3.8 MB)
Using cached cffi-2.0.0-cp314-cp314-win_amd64.whl (185 kB)
Using cached inflection-0.5.1-py2.py3-none-any.whl (9.5 kB)
Using cached jsonschema-4.26.0-py3-none-any.whl (90 kB)
Using cached attrs-26.1.0-py3-none-any.whl (67 kB)
Using cached jsonschema_specifications-2025.9.1-py3-none-any.whl (18 kB)
Using cached lxml-6.1.0-cp314-cp314-win_amd64.whl (4.1 MB)
Using cached pillow-12.2.0-cp314-cp314-win_amd64.whl (7.2 MB)
Using cached prompt_toolkit-3.0.52-py3-none-any.whl (391 kB)
Using cached pypdfium2-5.7.1-py3-none-win_amd64.whl (3.7 MB)
Using cached python_dateutil-2.9.0.post0-py2.py3-none-any.whl (229 kB)
Using cached referencing-0.37.0-py3-none-any.whl (26 kB)
Using cached rpds_py-0.30.0-cp314-cp314-win_amd64.whl (228 kB)
Using cached six-1.17.0-py2.py3-none-any.whl (11 kB)
Using cached sqlparse-0.5.5-py3-none-any.whl (46 kB)
Using cached uritemplate-4.2.0-py3-none-any.whl (11 kB)
Using cached et_xmlfile-2.0.0-py3-none-any.whl (18 kB)
Using cached pycparser-3.0-py3-none-any.whl (48 kB)
Using cached wcwidth-0.6.0-py3-none-any.whl (94 kB)
Installing collected packages: wcwidth, vine, uritemplate, sqlparse, six, rpds-py, requests, redis, python-dotenv, pypdfium2, pyjwt, pycparser, pillow, lxml, inflection, et-xmlfile, billiard, attrs, asgiref, referencing, python-docx, python-dateutil, pytesseract, prompt-toolkit, pdf2image, openpyxl, django, click-plugins, click-didyoumean, cffi, amqp, kombu, jsonschema-specifications, djangorestframework, django-cors-headers, dj-database-url, cryptography, click-repl, pdfminer.six, jsonschema, djangorestframework-simplejwt, celery, pdfplumber, drf-spectacular
  Attempting uninstall: requests
    Found existing installation: requests 2.33.1
    Uninstalling requests-2.33.1:
      Successfully uninstalled requests-2.33.1

Successfully installed amqp-5.3.1 asgiref-3.11.1 attrs-26.1.0 billiard-4.2.4 celery-5.4.0 cffi-2.0.0 click-didyoumean-0.3.1 click-plugins-1.1.1.2 click-repl-0.3.0 cryptography-47.0.0 dj-database-url-2.2.0 django-5.0.7 django-cors-headers-4.4.0 djangorestframework-3.15.2 djangorestframework-simplejwt-5.3.1 drf-spectacular-0.27.2 et-xmlfile-2.0.0 inflection-0.5.1 jsonschema-4.26.0 jsonschema-specifications-2025.9.1 kombu-5.6.2 lxml-6.1.0 openpyxl-3.1.5 pdf2image-1.17.0 pdfminer.six-20231228 pdfplumber-0.11.3 pillow-12.2.0 prompt-toolkit-3.0.52 pycparser-3.0 pyjwt-2.12.1 pypdfium2-5.7.1 pytesseract-0.3.13 python-dateutil-2.9.0.post0 python-docx-1.1.2 python-dotenv-1.0.1 redis-5.0.8 referencing-0.37.0 requests-2.32.3 rpds-py-0.30.0 six-1.17.0 sqlparse-0.5.5 uritemplate-4.2.0 vine-5.1.0 wcwidth-0.6.0
