.\.venv\Scripts\python.exe : WARNING: Cache entry deserialization failed, 
entry ignored
No linha:1 caractere:60
+ ... \backend" ; .\.venv\Scripts\python.exe -m pip install -r requirements ...
+                 ~~~~~~~~~~~~~~~~~~~~~~~~~~~~~~~~~~~~~~~~~~~~~~~~~~~~~~~~~
    + CategoryInfo          : NotSpecified: (WARNING: Cache ..., entry ignored 
   :String) [], RemoteException
    + FullyQualifiedErrorId : NativeCommandError
 
Collecting celery==5.4.0 (from -r requirements.txt (line 1))
  Using cached celery-5.4.0-py3-none-any.whl.metadata (21 kB)
WARNING: Cache entry deserialization failed, entry ignored
Collecting django==5.0.7 (from -r requirements.txt (line 2))
  Using cached Django-5.0.7-py3-none-any.whl.metadata (4.1 kB)
WARNING: Cache entry deserialization failed, entry ignored
Collecting django-cors-headers==4.4.0 (from -r requirements.txt (line 3))
  Using cached django_cors_headers-4.4.0-py3-none-any.whl.metadata (16 kB)
WARNING: Cache entry deserialization failed, entry ignored
Collecting dj-database-url==2.2.0 (from -r requirements.txt (line 4))
  Using cached dj_database_url-2.2.0-py3-none-any.whl.metadata (12 kB)
WARNING: Cache entry deserialization failed, entry ignored
Collecting djangorestframework==3.15.2 (from -r requirements.txt (line 5))
  Using cached djangorestframework-3.15.2-py3-none-any.whl.metadata (10 kB)
WARNING: Cache entry deserialization failed, entry ignored
Collecting djangorestframework-simplejwt==5.3.1 (from -r requirements.txt (line 6))
  Using cached djangorestframework_simplejwt-5.3.1-py3-none-any.whl.metadata (4.3 kB)
WARNING: Cache entry deserialization failed, entry ignored
Collecting drf-spectacular==0.27.2 (from -r requirements.txt (line 7))
  Using cached drf_spectacular-0.27.2-py3-none-any.whl.metadata (14 kB)
WARNING: Cache entry deserialization failed, entry ignored
Collecting openpyxl==3.1.5 (from -r requirements.txt (line 8))
  Using cached openpyxl-3.1.5-py2.py3-none-any.whl.metadata (2.5 kB)
WARNING: Cache entry deserialization failed, entry ignored
Collecting pdf2image==1.17.0 (from -r requirements.txt (line 9))
  Using cached pdf2image-1.17.0-py3-none-any.whl.metadata (6.2 kB)
WARNING: Cache entry deserialization failed, entry ignored
Collecting pdfplumber==0.11.3 (from -r requirements.txt (line 10))
  Using cached pdfplumber-0.11.3-py3-none-any.whl.metadata (41 kB)
Requirement already satisfied: psycopg==3.3.3 in .\.venv\Lib\site-packages (from psycopg[binary]==3.3.3->-r requirements.txt (line 11)) (3.3.3)
Requirement already satisfied: PyMuPDF==1.24.14 in .\.venv\Lib\site-packages (from -r requirements.txt (line 12)) (1.24.14)
WARNING: Cache entry deserialization failed, entry ignored
Collecting pytesseract==0.3.13 (from -r requirements.txt (line 13))
  Using cached pytesseract-0.3.13-py3-none-any.whl.metadata (11 kB)
WARNING: Cache entry deserialization failed, entry ignored
Collecting python-docx==1.1.2 (from -r requirements.txt (line 14))
  Using cached python_docx-1.1.2-py3-none-any.whl.metadata (2.0 kB)
WARNING: Cache entry deserialization failed, entry ignored
Collecting python-dotenv==1.0.1 (from -r requirements.txt (line 15))
  Using cached python_dotenv-1.0.1-py3-none-any.whl.metadata (23 kB)
WARNING: Cache entry deserialization failed, entry ignored
Collecting redis==5.0.8 (from -r requirements.txt (line 16))
  Using cached redis-5.0.8-py3-none-any.whl.metadata (9.2 kB)
WARNING: Cache entry deserialization failed, entry ignored
Collecting requests==2.32.3 (from -r requirements.txt (line 17))
  Using cached requests-2.32.3-py3-none-any.whl.metadata (4.6 kB)
WARNING: Cache entry deserialization failed, entry ignored
Collecting transformers==4.44.2 (from -r requirements.txt (line 18))
  Using cached transformers-4.44.2-py3-none-any.whl.metadata (43 kB)
Collecting billiard<5.0,>=4.2.0 (from celery==5.4.0->-r requirements.txt (line 1))
  Using cached billiard-4.2.4-py3-none-any.whl.metadata (4.8 kB)
Collecting kombu<6.0,>=5.3.4 (from celery==5.4.0->-r requirements.txt (line 1))
  Using cached kombu-5.6.2-py3-none-any.whl.metadata (3.5 kB)
Collecting vine<6.0,>=5.1.0 (from celery==5.4.0->-r requirements.txt (line 1))
  Using cached vine-5.1.0-py3-none-any.whl.metadata (2.7 kB)
Requirement already satisfied: click<9.0,>=8.1.2 in .\.venv\Lib\site-packages (from celery==5.4.0->-r requirements.txt (line 1)) (8.3.3)
Collecting click-didyoumean>=0.3.0 (from celery==5.4.0->-r requirements.txt (line 1))
  Using cached click_didyoumean-0.3.1-py3-none-any.whl.metadata (3.9 kB)
Collecting click-repl>=0.2.0 (from celery==5.4.0->-r requirements.txt (line 1))
  Using cached click_repl-0.3.0-py3-none-any.whl.metadata (3.6 kB)
Collecting click-plugins>=1.1.1 (from celery==5.4.0->-r requirements.txt (line 1))
  Using cached click_plugins-1.1.1.2-py2.py3-none-any.whl.metadata (6.5 kB)
Requirement already satisfied: tzdata>=2022.7 in .\.venv\Lib\site-packages (from celery==5.4.0->-r requirements.txt (line 1)) (2026.2)
Collecting python-dateutil>=2.8.2 (from celery==5.4.0->-r requirements.txt (line 1))
  Using cached python_dateutil-2.9.0.post0-py2.py3-none-any.whl.metadata (8.4 kB)
Collecting asgiref<4,>=3.7.0 (from django==5.0.7->-r requirements.txt (line 2))
  Using cached asgiref-3.11.1-py3-none-any.whl.metadata (9.3 kB)
Collecting sqlparse>=0.3.1 (from django==5.0.7->-r requirements.txt (line 2))
  Using cached sqlparse-0.5.5-py3-none-any.whl.metadata (4.7 kB)
Requirement already satisfied: typing-extensions>=3.10.0.0 in .\.venv\Lib\site-packages (from dj-database-url==2.2.0->-r requirements.txt (line 4)) (4.15.0)
Collecting pyjwt<3,>=1.7.1 (from djangorestframework-simplejwt==5.3.1->-r requirements.txt (line 6))
  Using cached pyjwt-2.12.1-py3-none-any.whl.metadata (4.1 kB)
WARNING: Cache entry deserialization failed, entry ignored
Collecting uritemplate>=2.0.0 (from drf-spectacular==0.27.2->-r requirements.txt (line 7))
  Using cached uritemplate-4.2.0-py3-none-any.whl.metadata (2.6 kB)
Requirement already satisfied: PyYAML>=5.1 in .\.venv\Lib\site-packages (from drf-spectacular==0.27.2->-r requirements.txt (line 7)) (6.0.3)
Collecting jsonschema>=2.6.0 (from drf-spectacular==0.27.2->-r requirements.txt (line 7))
  Using cached jsonschema-4.26.0-py3-none-any.whl.metadata (7.6 kB)
WARNING: Cache entry deserialization failed, entry ignored
Collecting inflection>=0.3.1 (from drf-spectacular==0.27.2->-r requirements.txt (line 7))
  Using cached inflection-0.5.1-py2.py3-none-any.whl.metadata (1.7 kB)
Collecting et-xmlfile (from openpyxl==3.1.5->-r requirements.txt (line 8))
  Using cached et_xmlfile-2.0.0-py3-none-any.whl.metadata (2.7 kB)
Collecting pillow (from pdf2image==1.17.0->-r requirements.txt (line 9))
  Using cached pillow-12.2.0-cp313-cp313-win_amd64.whl.metadata (9.0 kB)
WARNING: Cache entry deserialization failed, entry ignored
Collecting pdfminer.six==20231228 (from pdfplumber==0.11.3->-r requirements.txt (line 10))
  Using cached pdfminer.six-20231228-py3-none-any.whl.metadata (4.2 kB)
Collecting pypdfium2>=4.18.0 (from pdfplumber==0.11.3->-r requirements.txt (line 10))
  Using cached pypdfium2-5.7.1-py3-none-win_amd64.whl.metadata (68 kB)
Requirement already satisfied: packaging>=21.3 in .\.venv\Lib\site-packages (from pytesseract==0.3.13->-r requirements.txt (line 13)) (26.2)
Collecting lxml>=3.1.0 (from python-docx==1.1.2->-r requirements.txt (line 14))
  Using cached lxml-6.1.0-cp313-cp313-win_amd64.whl.metadata (4.1 kB)
Collecting charset-normalizer<4,>=2 (from requests==2.32.3->-r requirements.txt (line 17))
  Using cached charset_normalizer-3.4.7-cp313-cp313-win_amd64.whl.metadata (41 kB)
Requirement already satisfied: idna<4,>=2.5 in .\.venv\Lib\site-packages (from requests==2.32.3->-r requirements.txt (line 17)) (3.13)
Collecting urllib3<3,>=1.21.1 (from requests==2.32.3->-r requirements.txt (line 17))
  Using cached urllib3-2.6.3-py3-none-any.whl.metadata (6.9 kB)
Requirement already satisfied: certifi>=2017.4.17 in .\.venv\Lib\site-packages (from requests==2.32.3->-r requirements.txt (line 17)) (2026.4.22)
Requirement already satisfied: filelock in .\.venv\Lib\site-packages (from transformers==4.44.2->-r requirements.txt (line 18)) (3.29.0)
Collecting huggingface-hub<1.0,>=0.23.2 (from transformers==4.44.2->-r requirements.txt (line 18))
  Using cached huggingface_hub-0.36.2-py3-none-any.whl.metadata (15 kB)
Collecting numpy>=1.17 (from transformers==4.44.2->-r requirements.txt (line 18))
  Using cached numpy-2.4.4-cp313-cp313-win_amd64.whl.metadata (6.6 kB)
Collecting regex!=2019.12.17 (from transformers==4.44.2->-r requirements.txt (line 18))
  Using cached regex-2026.4.4-cp313-cp313-win_amd64.whl.metadata (41 kB)
Collecting safetensors>=0.4.1 (from transformers==4.44.2->-r requirements.txt (line 18))
  Using cached safetensors-0.7.0-cp38-abi3-win_amd64.whl.metadata (4.2 kB)
Collecting tokenizers<0.20,>=0.19 (from transformers==4.44.2->-r requirements.txt (line 18))
  Using cached tokenizers-0.19.1.tar.gz (321 kB)
  Installing build dependencies: started
  Installing build dependencies: finished with status 'done'
  Getting requirements to build wheel: started
  Getting requirements to build wheel: finished with status 'done'
  Installing backend dependencies: started
  Installing backend dependencies: finished with status 'done'
  Preparing metadata (pyproject.toml): started
  Preparing metadata (pyproject.toml): finished with status 'done'
Requirement already satisfied: tqdm>=4.27 in .\.venv\Lib\site-packages (from transformers==4.44.2->-r requirements.txt (line 18)) (4.67.3)
Collecting cryptography>=36.0.0 (from pdfminer.six==20231228->pdfplumber==0.11.3->-r requirements.txt (line 10))
  Using cached cryptography-47.0.0-cp311-abi3-win_amd64.whl.metadata (4.5 kB)
Requirement already satisfied: psycopg-binary==3.3.3 in .\.venv\Lib\site-packages (from psycopg[binary]==3.3.3->-r requirements.txt (line 11)) (3.3.3)
Requirement already satisfied: colorama in .\.venv\Lib\site-packages (from click<9.0,>=8.1.2->celery==5.4.0->-r requirements.txt (line 1)) (0.4.6)
Requirement already satisfied: fsspec>=2023.5.0 in .\.venv\Lib\site-packages (from huggingface-hub<1.0,>=0.23.2->transformers==4.44.2->-r requirements.txt (line 18)) (2026.3.0)
Collecting amqp<6.0.0,>=5.1.1 (from kombu<6.0,>=5.3.4->celery==5.4.0->-r requirements.txt (line 1))
  Using cached amqp-5.3.1-py3-none-any.whl.metadata (8.9 kB)
Collecting prompt-toolkit>=3.0.36 (from click-repl>=0.2.0->celery==5.4.0->-r requirements.txt (line 1))
  Using cached prompt_toolkit-3.0.52-py3-none-any.whl.metadata (6.4 kB)
Collecting cffi>=2.0.0 (from cryptography>=36.0.0->pdfminer.six==20231228->pdfplumber==0.11.3->-r requirements.txt (line 10))
  Downloading cffi-2.0.0-cp313-cp313-win_amd64.whl.metadata (2.6 kB)
Collecting pycparser (from cffi>=2.0.0->cryptography>=36.0.0->pdfminer.six==20231228->pdfplumber==0.11.3->-r requirements.txt (line 10))
  Using cached pycparser-3.0-py3-none-any.whl.metadata (8.2 kB)
Collecting attrs>=22.2.0 (from jsonschema>=2.6.0->drf-spectacular==0.27.2->-r requirements.txt (line 7))
  Using cached attrs-26.1.0-py3-none-any.whl.metadata (8.8 kB)
Collecting jsonschema-specifications>=2023.03.6 (from jsonschema>=2.6.0->drf-spectacular==0.27.2->-r requirements.txt (line 7))
  Using cached jsonschema_specifications-2025.9.1-py3-none-any.whl.metadata (2.9 kB)
Collecting referencing>=0.28.4 (from jsonschema>=2.6.0->drf-spectacular==0.27.2->-r requirements.txt (line 7))
  Using cached referencing-0.37.0-py3-none-any.whl.metadata (2.8 kB)
Collecting rpds-py>=0.25.0 (from jsonschema>=2.6.0->drf-spectacular==0.27.2->-r requirements.txt (line 7))
  Downloading rpds_py-0.30.0-cp313-cp313-win_amd64.whl.metadata (4.2 kB)
Collecting wcwidth (from prompt-toolkit>=3.0.36->click-repl>=0.2.0->celery==5.4.0->-r requirements.txt (line 1))
  Using cached wcwidth-0.6.0-py3-none-any.whl.metadata (30 kB)
Collecting six>=1.5 (from python-dateutil>=2.8.2->celery==5.4.0->-r requirements.txt (line 1))
  Using cached six-1.17.0-py2.py3-none-any.whl.metadata (1.7 kB)
Downloading celery-5.4.0-py3-none-any.whl (425 kB)
Downloading Django-5.0.7-py3-none-any.whl (8.2 MB)
   ---------------------------------------- 8.2/8.2 MB 33.0 MB/s  0:00:00
Downloading django_cors_headers-4.4.0-py3-none-any.whl (12 kB)
Downloading dj_database_url-2.2.0-py3-none-any.whl (7.8 kB)
Downloading djangorestframework-3.15.2-py3-none-any.whl (1.1 MB)
   ---------------------------------------- 1.1/1.1 MB 54.2 MB/s  0:00:00
Downloading djangorestframework_simplejwt-5.3.1-py3-none-any.whl (101 kB)
Downloading drf_spectacular-0.27.2-py3-none-any.whl (102 kB)
Using cached openpyxl-3.1.5-py2.py3-none-any.whl (250 kB)
Using cached pdf2image-1.17.0-py3-none-any.whl (11 kB)
Downloading pdfplumber-0.11.3-py3-none-any.whl (59 kB)
Using cached pytesseract-0.3.13-py3-none-any.whl (14 kB)
Downloading python_docx-1.1.2-py3-none-any.whl (244 kB)
Downloading python_dotenv-1.0.1-py3-none-any.whl (19 kB)
Downloading redis-5.0.8-py3-none-any.whl (255 kB)
Downloading requests-2.32.3-py3-none-any.whl (64 kB)
Downloading transformers-4.44.2-py3-none-any.whl (9.5 MB)
   ---------------------------------------- 9.5/9.5 MB 92.0 MB/s  0:00:00
Downloading pdfminer.six-20231228-py3-none-any.whl (5.6 MB)
   ---------------------------------------- 5.6/5.6 MB 87.1 MB/s  0:00:00
Using cached asgiref-3.11.1-py3-none-any.whl (24 kB)
Using cached billiard-4.2.4-py3-none-any.whl (87 kB)
Downloading charset_normalizer-3.4.7-cp313-cp313-win_amd64.whl (158 kB)
Downloading huggingface_hub-0.36.2-py3-none-any.whl (566 kB)
   ---------------------------------------- 566.4/566.4 kB 50.3 MB/s  0:00:00
Using cached kombu-5.6.2-py3-none-any.whl (214 kB)
Using cached vine-5.1.0-py3-none-any.whl (9.6 kB)
Using cached amqp-5.3.1-py3-none-any.whl (50 kB)
Using cached pyjwt-2.12.1-py3-none-any.whl (29 kB)
Using cached urllib3-2.6.3-py3-none-any.whl (131 kB)
Using cached click_didyoumean-0.3.1-py3-none-any.whl (3.6 kB)
Using cached click_plugins-1.1.1.2-py2.py3-none-any.whl (11 kB)
Using cached click_repl-0.3.0-py3-none-any.whl (10 kB)
Using cached cryptography-47.0.0-cp311-abi3-win_amd64.whl (3.8 MB)
Downloading cffi-2.0.0-cp313-cp313-win_amd64.whl (183 kB)
Downloading inflection-0.5.1-py2.py3-none-any.whl (9.5 kB)
Using cached jsonschema-4.26.0-py3-none-any.whl (90 kB)
Using cached attrs-26.1.0-py3-none-any.whl (67 kB)
Using cached jsonschema_specifications-2025.9.1-py3-none-any.whl (18 kB)
Downloading lxml-6.1.0-cp313-cp313-win_amd64.whl (4.0 MB)
   ---------------------------------------- 4.0/4.0 MB 92.2 MB/s  0:00:00
Downloading numpy-2.4.4-cp313-cp313-win_amd64.whl (12.3 MB)
   ---------------------------------------- 12.3/12.3 MB 95.2 MB/s  0:00:00
Downloading pillow-12.2.0-cp313-cp313-win_amd64.whl (7.1 MB)
   ---------------------------------------- 7.1/7.1 MB 87.0 MB/s  0:00:00
Using cached prompt_toolkit-3.0.52-py3-none-any.whl (391 kB)
Using cached pypdfium2-5.7.1-py3-none-win_amd64.whl (3.7 MB)
Using cached python_dateutil-2.9.0.post0-py2.py3-none-any.whl (229 kB)
Using cached referencing-0.37.0-py3-none-any.whl (26 kB)
Downloading regex-2026.4.4-cp313-cp313-win_amd64.whl (277 kB)
Downloading rpds_py-0.30.0-cp313-cp313-win_amd64.whl (240 kB)
Using cached safetensors-0.7.0-cp38-abi3-win_amd64.whl (341 kB)
Using cached six-1.17.0-py2.py3-none-any.whl (11 kB)
Using cached sqlparse-0.5.5-py3-none-any.whl (46 kB)
Downloading uritemplate-4.2.0-py3-none-any.whl (11 kB)
Using cached et_xmlfile-2.0.0-py3-none-any.whl (18 kB)
Using cached pycparser-3.0-py3-none-any.whl (48 kB)
Using cached wcwidth-0.6.0-py3-none-any.whl (94 kB)
Building wheels for collected packages: tokenizers
  Building wheel for tokenizers (pyproject.toml): started
  Building wheel for tokenizers (pyproject.toml): finished with status 'error'
  error: subprocess-exited-with-error
  
  Building wheel for tokenizers (pyproject.toml) did not run successfully.
  exit code: 1
  
  [132 lines of output]
  Python reports SOABI: cp313-win_amd64
  Computed rustc target triple: x86_64-pc-windows-msvc
  Installation directory: 
C:\Users\Darkz\AppData\Local\puccinialin\puccinialin\Cache
  Rustup already downloaded
  Installing rust to 
C:\Users\Darkz\AppData\Local\puccinialin\puccinialin\Cache\rustup
  warn: It looks like you have an existing rustup settings file at:
  warn: 
C:\Users\Darkz\AppData\Local\puccinialin\puccinialin\Cache\rustup\settings.toml
  warn: Rustup will install the default toolchain as specified in the settings 
file,
  warn: instead of the one inferred from the default host triple.
  info: profile set to minimal
  info: setting default host triple to x86_64-pc-windows-msvc
  warn: Updating existing toolchain, profile choice will be ignored
  info: syncing channel updates for stable-x86_64-pc-windows-msvc
  info: default toolchain set to stable-x86_64-pc-windows-msvc
  Checking if cargo is installed
  cargo 1.95.0 (f2d3ce0bd 2026-03-21)
  Rust not found, installing into a temporary directory
  Running `maturin pep517 build-wheel -i C:\Users\Darkz\Desktop\PROJETO 
INTEGRADOR V\backend\.venv\Scripts\python.exe --compatibility off`
  ÔÜá´©\x8f  Warning: `project.version` field is required in pyproject.toml 
unless it is present in the `project.dynamic` list
  ­ƒ\x8d╣ Building a mixed python/rust project
  ­ƒöù Found pyo3 bindings
  ƒ\x90\x8d Found CPython 3.13 at C:\Users\Darkz\Desktop\PROJETO INTEGRADOR 
V\backend\.venv\Scripts\python.exe
  ­ƒôí Using build options features, bindings from pyproject.toml
     Compiling proc-macro2 v1.0.81
     Compiling unicode-ident v1.0.12
     Compiling autocfg v1.2.0
     Compiling target-lexicon v0.12.14
     Compiling windows_x86_64_msvc v0.52.5
     Compiling once_cell v1.19.0
     Compiling cfg-if v1.0.0
     Compiling libc v0.2.153
     Compiling crossbeam-utils v0.8.19
     Compiling cc v1.0.94
     Compiling memchr v2.7.2
     Compiling fnv v1.0.7
     Compiling strsim v0.10.0
     Compiling windows_x86_64_msvc v0.48.5
     Compiling ident_case v1.0.1
     Compiling portable-atomic v1.6.0
     Compiling smallvec v1.13.2
     Compiling serde v1.0.198
     Compiling regex-syntax v0.8.3
     Compiling rayon-core v1.12.1
     Compiling pkg-config v0.3.30
     Compiling parking_lot_core v0.9.9
     Compiling either v1.11.0
     Compiling getrandom v0.2.14
     Compiling scopeguard v1.2.0
     Compiling heck v0.4.1
     Compiling paste v1.0.14
     Compiling rand_core v0.6.4
     Compiling anstyle v1.0.6
     Compiling num-traits v0.2.18
     Compiling lock_api v0.4.11
     Compiling memoffset v0.9.1
     Compiling matrixmultiply v0.3.8
     Compiling aho-corasick v1.1.3
     Compiling thiserror v1.0.58
     Compiling rawpointer v0.2.1
     Compiling encode_unicode v0.3.6
     Compiling lazy_static v1.4.0
     Compiling log v0.4.21
     Compiling ppv-lite86 v0.2.17
     Compiling windows-targets v0.48.5
     Compiling windows-targets v0.52.5
     Compiling minimal-lexical v0.2.1
     Compiling serde_json v1.0.116
     Compiling utf8parse v0.2.1
     Compiling unicode-width v0.1.11
     Compiling windows-sys v0.52.0
     Compiling anstyle-parse v0.2.3
     Compiling crossbeam-epoch v0.9.18
     Compiling quote v1.0.36
     Compiling pyo3-build-config v0.21.2
     Compiling nom v7.1.3
     Compiling parking_lot v0.12.1
     Compiling rand_chacha v0.3.1
     Compiling itertools v0.11.0
     Compiling ryu v1.0.17
     Compiling base64 v0.13.1
     Compiling syn v2.0.60
     Compiling crossbeam-deque v0.8.5
     Compiling indoc v2.0.5
     Compiling onig_sys v69.8.1
     Compiling esaxx-rs v0.1.10
     Compiling console v0.15.8
     Compiling anstyle-query v1.0.2
     Compiling anstyle-wincon v3.0.2
     Compiling macro_rules_attribute-proc_macro v0.2.0
     Compiling unicode-segmentation v1.11.0
     Compiling regex-automata v0.4.6
     Compiling itoa v1.0.11
     Compiling unindent v0.2.3
     Compiling bitflags v1.3.2
     Compiling num-complex v0.4.5
     Compiling num-integer v0.1.46
     Compiling colorchoice v1.0.0
     Compiling rayon v1.10.0
     Compiling number_prefix v0.4.0
     Compiling indicatif v0.17.8
     Compiling anstream v0.6.13
     Compiling macro_rules_attribute v0.2.0
     Compiling rand v0.8.5
     Compiling itertools v0.12.1
     Compiling ndarray v0.15.6
     Compiling unicode-normalization-alignments v0.1.12
     Compiling unicode_categories v0.1.1
     Compiling humantime v2.1.0
     Compiling rustc-hash v1.1.0
     Compiling pyo3-ffi v0.21.2
     Compiling pyo3 v0.21.2
  error: failed to run custom build command for `pyo3-ffi v0.21.2`
  
  Caused by:
    process didn't exit successfully: `C:\Users\Darkz\AppData\Local\Temp\pip-in
stall-iibf9p6b\tokenizers_0e0595a1042f4af4b52abea2135f95d5\bindings\python\targ
et\release\build\pyo3-ffi-6f44adc74f300eb7\build-script-build` (exit code: 1)
    --- stdout
    cargo:rerun-if-env-changed=PYO3_CROSS
    cargo:rerun-if-env-changed=PYO3_CROSS_LIB_DIR
    cargo:rerun-if-env-changed=PYO3_CROSS_PYTHON_VERSION
    cargo:rerun-if-env-changed=PYO3_CROSS_PYTHON_IMPLEMENTATION
    cargo:rerun-if-env-changed=PYO3_PRINT_CONFIG
    cargo:rerun-if-env-changed=PYO3_USE_ABI3_FORWARD_COMPATIBILITY
  
    --- stderr
    error: the configured Python interpreter version (3.13) is newer than 
PyO3's maximum supported version (3.12)
    = help: please check if an updated version of PyO3 is available. Current 
version: 0.21.2
    = help: set PYO3_USE_ABI3_FORWARD_COMPATIBILITY=1 to suppress this check 
and build anyway using the stable ABI
  warning: build failed, waiting for other jobs to finish...
  ­ƒÆÑ maturin failed
    Caused by: Failed to build a native library through cargo
    Caused by: Cargo build finished with "exit code: 101": `"cargo" "rustc" 
"--profile" "release" "--features" "pyo3/extension-module" "--message-format" 
"json-render-diagnostics" "--manifest-path" "C:\\Users\\Darkz\\AppData\\Local\\
Temp\\pip-install-iibf9p6b\\tokenizers_0e0595a1042f4af4b52abea2135f95d5\\bindin
gs\\python\\Cargo.toml" "--lib"`
  Error: command ['maturin', 'pep517', 'build-wheel', '-i', 
'C:\\Users\\Darkz\\Desktop\\PROJETO INTEGRADOR 
V\\backend\\.venv\\Scripts\\python.exe', '--compatibility', 'off'] returned 
non-zero exit status 1
  [end of output]
  
  note: This error originates from a subprocess, and is likely not a problem 
with pip.
  ERROR: Failed building wheel for tokenizers
Failed to build tokenizers
error: failed-wheel-build-for-install

Failed to build installable wheels for some pyproject.toml based projects

tokenizers
